com.google.common.collect.ArrayListMultimap.<K, V>create(int, int) throws java.lang.IllegalArgumentException if expectedKeys or expectedValuesPerKey is negative ==> [args[0]<0||args[1]<0]
