com.google.common.util.concurrent.AtomicDoubleArray(double[]) throws java.lang.NullPointerException if array is null ==> [args[0]==null]
