com.google.common.base.MoreObjects.<T>firstNonNull(T, T) throws java.lang.NullPointerException if both first and second are null ==> [args[0]==null&&args[1]==null]
