com.google.common.primitives.Shorts.checkedCast(long) throws java.lang.IllegalArgumentException if value is greater than Short.MAX_VALUE or less than Short.MIN_VALUE ==> [args[0]>Short.MAX_VALUE||args[0]<Short.MIN_VALUE]
com.google.common.primitives.Shorts.ensureCapacity(short[], int, int) throws java.lang.IllegalArgumentException if minLength or padding is negative ==> [args[1]<0||args[2]<0]
com.google.common.primitives.Shorts.fromByteArray(byte[]) throws java.lang.IllegalArgumentException if bytes has fewer than 2 elements ==> [args[0].length<2]
com.google.common.primitives.Shorts.max(short...) throws java.lang.IllegalArgumentException if array is empty ==> [args[0].length==0]
com.google.common.primitives.Shorts.min(short...) throws java.lang.IllegalArgumentException if array is empty ==> [args[0].length==0]
com.google.common.primitives.Shorts.toArray(java.util.Collection<? extends java.lang.Number>) throws java.lang.NullPointerException if collection or any of its elements is null ==> [args[0]==null||args[0].contains(null)]
