com.google.common.base.Strings.repeat(java.lang.String, int) throws java.lang.IllegalArgumentException if count is negative ==> [args[1]<0]