com.google.common.base.Verify.verify(boolean, java.lang.String, java.lang.Object...) throws com.google.common.base.VerifyException if expression is false ==> [args[0]==false]
com.google.common.base.Verify.verify(boolean) throws com.google.common.base.VerifyException if expression is false ==> [args[0]==false]
com.google.common.base.Verify.<T>verifyNotNull(T, java.lang.String, java.lang.Object...) throws com.google.common.base.VerifyException if reference is null ==> [args[0]==null]
com.google.common.base.Verify.<T>verifyNotNull(T) throws com.google.common.base.VerifyException if reference is null ==> [args[0]==null]