org.apache.commons.collections4.ArrayStack(int) throws java.lang.IllegalArgumentException if the specified initial size is negative ==> [args[0]<0]
org.apache.commons.collections4.ArrayStack.peek() throws java.util.EmptyStackException if the stack is empty ==> [target.empty()]
org.apache.commons.collections4.ArrayStack.peek(int) throws java.util.EmptyStackException if there are not enough items on the stack to satisfy this request ==> [target.size()>args[0]]
org.apache.commons.collections4.ArrayStack.pop() throws java.util.EmptyStackException if the stack is empty ==> [target.empty()]
