org.apache.commons.collections4.BagUtils.<E>collectionBag(org.apache.commons.collections4.Bag<E>) throws java.lang.NullPointerException if bag is null ==> [args[0]==null]
org.apache.commons.collections4.BagUtils.<E>predicatedBag(org.apache.commons.collections4.Bag<E>, org.apache.commons.collections4.Predicate<? super E>) throws java.lang.NullPointerException if the Bag or Predicate is null ==> [args[0]==null||args[1]==null]
org.apache.commons.collections4.BagUtils.<E>predicatedSortedBag(org.apache.commons.collections4.SortedBag<E>, org.apache.commons.collections4.Predicate<? super E>) throws java.lang.NullPointerException if the SortedBag or Predicate is null ==> [args[0]==null||args[1]==null]
org.apache.commons.collections4.BagUtils.<E>synchronizedBag(org.apache.commons.collections4.Bag<E>) throws java.lang.NullPointerException if the Bag is null ==> [args[0]==null]
org.apache.commons.collections4.BagUtils.<E>synchronizedSortedBag(org.apache.commons.collections4.SortedBag<E>) throws java.lang.NullPointerException if the SortedBag is null ==> [args[0]==null]
org.apache.commons.collections4.BagUtils.<E>transformingBag(org.apache.commons.collections4.Bag<E>, org.apache.commons.collections4.Transformer<? super E, ? extends E>) throws java.lang.NullPointerException if the Bag or Transformer is null ==> [args[0]==null||args[1]==null]
org.apache.commons.collections4.BagUtils.<E>transformingSortedBag(org.apache.commons.collections4.SortedBag<E>, org.apache.commons.collections4.Transformer<? super E, ? extends E>) throws java.lang.NullPointerException if the Bag or Transformer is null ==> [args[0]==null||args[1]==null]
org.apache.commons.collections4.BagUtils.<E>unmodifiableBag(org.apache.commons.collections4.Bag<? extends E>) throws java.lang.NullPointerException if the Bag is null ==> [args[0]==null]
org.apache.commons.collections4.BagUtils.<E>unmodifiableSortedBag(org.apache.commons.collections4.SortedBag<E>) throws java.lang.NullPointerException if the SortedBag is null ==> [args[0]==null]
