org.apache.commons.collections4.ClosureUtils.<E>chainedClosure(java.util.Collection<? extends org.apache.commons.collections4.Closure<? super E>>) throws java.lang.IllegalArgumentException if the closures collection is empty ==> [args[0].isEmpty()]
org.apache.commons.collections4.ClosureUtils.<E>chainedClosure(java.util.Collection<? extends org.apache.commons.collections4.Closure<? super E>>) throws java.lang.NullPointerException if any closure in the collection is null ==> [args[0].contains(null)]
org.apache.commons.collections4.ClosureUtils.<E>chainedClosure(java.util.Collection<? extends org.apache.commons.collections4.Closure<? super E>>) throws java.lang.NullPointerException if the closures collection is null ==> [args[0]==null]
org.apache.commons.collections4.ClosureUtils.<E>chainedClosure(org.apache.commons.collections4.Closure<? super E>...) throws java.lang.NullPointerException if any closure in the array is null ==> [Arrays.asList(args[0]).contains(null)]
org.apache.commons.collections4.ClosureUtils.<E>chainedClosure(org.apache.commons.collections4.Closure<? super E>...) throws java.lang.NullPointerException if the closures array is null ==> [args[0]==null]
org.apache.commons.collections4.ClosureUtils.<E>doWhileClosure(org.apache.commons.collections4.Closure<? super E>, org.apache.commons.collections4.Predicate<? super E>) throws java.lang.NullPointerException if either argument is null ==> [args[0]==null||args[1]==null]
org.apache.commons.collections4.ClosureUtils.<E>ifClosure(org.apache.commons.collections4.Predicate<? super E>, org.apache.commons.collections4.Closure<? super E>) throws java.lang.NullPointerException if the predicate or closure is null ==> [args[0]==null||args[1]==null]
org.apache.commons.collections4.ClosureUtils.<E>ifClosure(org.apache.commons.collections4.Predicate<? super E>, org.apache.commons.collections4.Closure<? super E>, org.apache.commons.collections4.Closure<? super E>) throws java.lang.NullPointerException if the predicate or either closure is null ==> [args[0]==null||args[1]==null||args[2]==null]
org.apache.commons.collections4.ClosureUtils.<E>invokerClosure(java.lang.String) throws java.lang.NullPointerException if the method name is null ==> [args[0]==null]
org.apache.commons.collections4.ClosureUtils.<E>invokerClosure(java.lang.String, java.lang.Class<?>[], java.lang.Object[]) throws java.lang.IllegalArgumentException if the paramTypes and args don't match ==> [???]
org.apache.commons.collections4.ClosureUtils.<E>invokerClosure(java.lang.String, java.lang.Class<?>[], java.lang.Object[]) throws java.lang.NullPointerException if the method name is null ==> [args[0]==null]
org.apache.commons.collections4.ClosureUtils.<E>switchClosure(java.util.Map<org.apache.commons.collections4.Predicate<E>, org.apache.commons.collections4.Closure<E>>) throws java.lang.ClassCastException if the map elements are of the wrong type ==> [???]
org.apache.commons.collections4.ClosureUtils.<E>switchClosure(java.util.Map<org.apache.commons.collections4.Predicate<E>, org.apache.commons.collections4.Closure<E>>) throws java.lang.IllegalArgumentException if the map is empty ==> [args[0].isEmpty()]
org.apache.commons.collections4.ClosureUtils.<E>switchClosure(java.util.Map<org.apache.commons.collections4.Predicate<E>, org.apache.commons.collections4.Closure<E>>) throws java.lang.NullPointerException if any closure in the map is null ==> [args[0].values().contains(null)]
org.apache.commons.collections4.ClosureUtils.<E>switchClosure(java.util.Map<org.apache.commons.collections4.Predicate<E>, org.apache.commons.collections4.Closure<E>>) throws java.lang.NullPointerException if the map is null ==> [args[0]==null]
org.apache.commons.collections4.ClosureUtils.<E>switchClosure(org.apache.commons.collections4.Predicate<? super E>[], org.apache.commons.collections4.Closure<? super E>[]) throws java.lang.IllegalArgumentException if the arrays have different sizes ==> [args[0].length!=args[1].length]
org.apache.commons.collections4.ClosureUtils.<E>switchClosure(org.apache.commons.collections4.Predicate<? super E>[], org.apache.commons.collections4.Closure<? super E>[]) throws java.lang.NullPointerException if any element in the arrays is null ==> [Arrays.asList(args[0]).contains(null)||Arrays.asList(args[1]).contains(null)]
org.apache.commons.collections4.ClosureUtils.<E>switchClosure(org.apache.commons.collections4.Predicate<? super E>[], org.apache.commons.collections4.Closure<? super E>[]) throws java.lang.NullPointerException if the either array is null ==> [args[0]==null||args[1]==null]
org.apache.commons.collections4.ClosureUtils.<E>switchClosure(org.apache.commons.collections4.Predicate<? super E>[], org.apache.commons.collections4.Closure<? super E>[], org.apache.commons.collections4.Closure<? super E>) throws java.lang.IllegalArgumentException if the arrays are different sizes ==> [args[0].length!=args[1].length]
org.apache.commons.collections4.ClosureUtils.<E>switchClosure(org.apache.commons.collections4.Predicate<? super E>[], org.apache.commons.collections4.Closure<? super E>[], org.apache.commons.collections4.Closure<? super E>) throws java.lang.NullPointerException if any element in the arrays is null ==> [Arrays.asList(args[0]).contains(null)||Arrays.asList(args[1]).contains(null)]
org.apache.commons.collections4.ClosureUtils.<E>switchClosure(org.apache.commons.collections4.Predicate<? super E>[], org.apache.commons.collections4.Closure<? super E>[], org.apache.commons.collections4.Closure<? super E>) throws java.lang.NullPointerException if the either array is null ==> [args[0]==null||args[1]==null]
org.apache.commons.collections4.ClosureUtils.<E>switchMapClosure(java.util.Map<? extends E, org.apache.commons.collections4.Closure<E>>) throws java.lang.IllegalArgumentException if the map is empty ==> [args[0].isEmpty()]
org.apache.commons.collections4.ClosureUtils.<E>switchMapClosure(java.util.Map<? extends E, org.apache.commons.collections4.Closure<E>>) throws java.lang.NullPointerException if any closure in the map is null ==> [args[0].values().contains(null)]
org.apache.commons.collections4.ClosureUtils.<E>switchMapClosure(java.util.Map<? extends E, org.apache.commons.collections4.Closure<E>>) throws java.lang.NullPointerException if the map is null ==> [args[0]==null]
org.apache.commons.collections4.ClosureUtils.<E>whileClosure(org.apache.commons.collections4.Predicate<? super E>, org.apache.commons.collections4.Closure<? super E>) throws java.lang.NullPointerException if either argument is null ==> [args[0]==null||args[1]==null]
