org.apache.commons.collections4.comparators.FixedOrderComparator(T...) throws java.lang.NullPointerException if the array is null ==> [args[0]==null]
org.apache.commons.collections4.comparators.FixedOrderComparator(java.util.List<T>) throws java.lang.NullPointerException if the list is null ==> [args[0]==null]
org.apache.commons.collections4.comparators.FixedOrderComparator.add(T) throws java.lang.UnsupportedOperationException if a comparison has already been made ==> [target.isLocked()]
org.apache.commons.collections4.comparators.FixedOrderComparator.addAsEqual(T, T) throws java.lang.IllegalArgumentException if existingObject is not in the Comparator's set of known objects. ==> []
org.apache.commons.collections4.comparators.FixedOrderComparator.addAsEqual(T, T) throws java.lang.UnsupportedOperationException if a comparison has already been made ==> [target.isLocked()]
org.apache.commons.collections4.comparators.FixedOrderComparator.checkLocked() throws java.lang.UnsupportedOperationException if the comparator is locked ==> [target.isLocked()]
org.apache.commons.collections4.comparators.FixedOrderComparator.compare(T, T) throws java.lang.IllegalArgumentException if obj1 or obj2 are not known to this Comparator and an alternative behavior has not been set via setUnknownObjectBehavior(UnknownObjectBehavior). ==> []
org.apache.commons.collections4.comparators.FixedOrderComparator.setUnknownObjectBehavior(org.apache.commons.collections4.comparators.FixedOrderComparator.UnknownObjectBehavior) throws java.lang.NullPointerException if unknownObjectBehavior is null ==> [args[0]==null]
org.apache.commons.collections4.comparators.FixedOrderComparator.setUnknownObjectBehavior(org.apache.commons.collections4.comparators.FixedOrderComparator.UnknownObjectBehavior) throws java.lang.UnsupportedOperationException if a comparison has been performed ==> [target.isLocked()]
