org.apache.commons.collections4.map.LRUMap(int) throws java.lang.IllegalArgumentException if the maximum size is less than one ==> [args[0]<1]
org.apache.commons.collections4.map.LRUMap(int, int) throws java.lang.IllegalArgumentException if the maximum size is less than one ==> [args[0]<1]
org.apache.commons.collections4.map.LRUMap(int, int) throws java.lang.IllegalArgumentException if the initial size is negative or larger than the maximum size ==> [args[1]<0||args[1]>args[0]]
org.apache.commons.collections4.map.LRUMap(int, boolean) throws java.lang.IllegalArgumentException if the maximum size is less than one ==> [args[0]<1]
org.apache.commons.collections4.map.LRUMap(int, float) throws java.lang.IllegalArgumentException if the maximum size is less than one ==> [args[0]<1]
org.apache.commons.collections4.map.LRUMap(int, float) throws java.lang.IllegalArgumentException if the load factor is less than zero ==> [args[0]<1]
org.apache.commons.collections4.map.LRUMap(int, int, float) throws java.lang.IllegalArgumentException if the maximum size is less than one ==> [args[0]<1]
org.apache.commons.collections4.map.LRUMap(int, int, float) throws java.lang.IllegalArgumentException if the initial size is negative or larger than the maximum size ==> [args[1]<0||args[1]>args[0]]
org.apache.commons.collections4.map.LRUMap(int, int, float) throws java.lang.IllegalArgumentException if the load factor is less than zero ==> [args[2]<0]
org.apache.commons.collections4.map.LRUMap(int, float, boolean) throws java.lang.IllegalArgumentException if the maximum size is less than one ==> [args[0]<1]
org.apache.commons.collections4.map.LRUMap(int, float, boolean) throws java.lang.IllegalArgumentException if the load factor is less than zero ==> [args[0]<1]
org.apache.commons.collections4.map.LRUMap(int, int, float, boolean) throws java.lang.IllegalArgumentException if the maximum size is less than one ==> [args[0]<1]
org.apache.commons.collections4.map.LRUMap(int, int, float, boolean) throws java.lang.IllegalArgumentException if the initial size is negative or larger than the maximum size ==> [args[1]<0||args[1]>args[0]]
org.apache.commons.collections4.map.LRUMap(int, int, float, boolean) throws java.lang.IllegalArgumentException if the load factor is less than zero ==> [args[2]<0]
org.apache.commons.collections4.map.LRUMap(java.util.Map<? extends K, ? extends V>) throws java.lang.NullPointerException if the map is null ==> [args[0]==null]
org.apache.commons.collections4.map.LRUMap(java.util.Map<? extends K, ? extends V>) throws java.lang.IllegalArgumentException if the map is empty ==> [args[0].isEmpty()]
org.apache.commons.collections4.map.LRUMap(java.util.Map<? extends K, ? extends V>, boolean) throws java.lang.NullPointerException if the map is null ==> [args[0]==null]
org.apache.commons.collections4.map.LRUMap(java.util.Map<? extends K, ? extends V>, boolean) throws java.lang.IllegalArgumentException if the map is empty ==> [args[0].isEmpty()]
org.apache.commons.collections4.map.LRUMap.doWriteObject(java.io.ObjectOutputStream) throws java.io.IOException if an error occurs while writing to the stream ==> []
org.apache.commons.collections4.map.LRUMap.doReadObject(java.io.ObjectInputStream) throws java.io.IOException if an error occurs while reading from the stream ==> []
org.apache.commons.collections4.map.LRUMap.doReadObject(java.io.ObjectInputStream) throws java.lang.ClassNotFoundException if an object read from the stream can not be loaded ==> []
org.apache.commons.collections4.map.AbstractLinkedMap.firstKey() throws java.util.NoSuchElementException if this map is empty ==> [target.isEmpty()]
org.apache.commons.collections4.map.AbstractLinkedMap.lastKey() throws java.util.NoSuchElementException if this map is empty ==> [target.isEmpty()]
org.apache.commons.collections4.map.AbstractLinkedMap.getEntry(int) throws java.lang.IndexOutOfBoundsException if the index is invalid ==> [args[0]<0||args[0]>=target.entrySet().size()]
org.apache.commons.collections4.map.AbstractLinkedMap.entryBefore(org.apache.commons.collections4.map.AbstractLinkedMap.LinkEntry<K, V>) throws java.lang.NullPointerException if the entry is null ==> [args[0]==null]
org.apache.commons.collections4.map.AbstractLinkedMap.entryAfter(org.apache.commons.collections4.map.AbstractLinkedMap.LinkEntry<K, V>) throws java.lang.NullPointerException if the entry is null ==> [args[0]==null]
org.apache.commons.collections4.map.AbstractHashedMap.putAll(java.util.Map<? extends K, ? extends V>) throws java.lang.NullPointerException if the map is null ==> [args[0]==null]
org.apache.commons.collections4.map.AbstractHashedMap.entryNext(org.apache.commons.collections4.map.AbstractHashedMap.HashEntry<K, V>) throws java.lang.NullPointerException if the entry is null ==> [args[0]==null]
org.apache.commons.collections4.map.AbstractHashedMap.entryHashCode(org.apache.commons.collections4.map.AbstractHashedMap.HashEntry<K, V>) throws java.lang.NullPointerException if the entry is null ==> [args[0]==null]
org.apache.commons.collections4.map.AbstractHashedMap.entryKey(org.apache.commons.collections4.map.AbstractHashedMap.HashEntry<K, V>) throws java.lang.NullPointerException if the entry is null ==> [args[0]==null]
org.apache.commons.collections4.map.AbstractHashedMap.entryValue(org.apache.commons.collections4.map.AbstractHashedMap.HashEntry<K, V>) throws java.lang.NullPointerException if the entry is null ==> [args[0]==null]
