org.apache.commons.collections4.PredicateUtils.instanceofPredicate(java.lang.Class<?>) throws java.lang.NullPointerException if the class is null ==> [args[0]==null]
org.apache.commons.collections4.PredicateUtils.<T>invokerPredicate(java.lang.String) throws java.lang.NullPointerException if the methodName is null. ==> [args[0]==null]
org.apache.commons.collections4.PredicateUtils.<T>invokerPredicate(java.lang.String, java.lang.Class<?>[], java.lang.Object[]) throws java.lang.IllegalArgumentException if the paramTypes and args don't match ==> [???]
org.apache.commons.collections4.PredicateUtils.<T>invokerPredicate(java.lang.String, java.lang.Class<?>[], java.lang.Object[]) throws java.lang.NullPointerException if the method name is null ==> [args[0]==null]
org.apache.commons.collections4.PredicateUtils.<T>andPredicate(org.apache.commons.collections4.Predicate<? super T>, org.apache.commons.collections4.Predicate<? super T>) throws java.lang.NullPointerException if either predicate is null ==> [args[0]==null||args[1]==null]
org.apache.commons.collections4.PredicateUtils.<T>orPredicate(org.apache.commons.collections4.Predicate<? super T>, org.apache.commons.collections4.Predicate<? super T>) throws java.lang.NullPointerException if either predicate is null ==> [args[0]==null||args[1]==null]
org.apache.commons.collections4.PredicateUtils.<T>allPredicate(org.apache.commons.collections4.Predicate<? super T>...) throws java.lang.NullPointerException if the predicates array is null ==> [args[0]==null]
org.apache.commons.collections4.PredicateUtils.<T>allPredicate(java.util.Collection<? extends org.apache.commons.collections4.Predicate<? super T>>) throws java.lang.NullPointerException if the predicates collection is null ==> [args[0]==null]
org.apache.commons.collections4.PredicateUtils.<T>allPredicate(java.util.Collection<? extends org.apache.commons.collections4.Predicate<? super T>>) throws java.lang.NullPointerException if any predicate in the collection is null ==> [args[0].contains(null)==true]
org.apache.commons.collections4.PredicateUtils.<T>neitherPredicate(org.apache.commons.collections4.Predicate<? super T>, org.apache.commons.collections4.Predicate<? super T>) throws java.lang.NullPointerException if either predicate is null ==> [args[0]==null||args[1]==null]
org.apache.commons.collections4.PredicateUtils.<T>eitherPredicate(org.apache.commons.collections4.Predicate<? super T>, org.apache.commons.collections4.Predicate<? super T>) throws java.lang.NullPointerException if either predicate is null ==> [args[0]==null||args[1]==null]
org.apache.commons.collections4.PredicateUtils.<T>nullIsTruePredicate(org.apache.commons.collections4.Predicate<? super T>) throws java.lang.NullPointerException if the predicate is null. ==> [args[0]==null]
org.apache.commons.collections4.PredicateUtils.<T>onePredicate(java.util.Collection<? extends org.apache.commons.collections4.Predicate<? super T>>) throws java.lang.NullPointerException if any predicate in the collection is null ==> [args[0].contains(null)==true]
org.apache.commons.collections4.PredicateUtils.<T>asPredicate(org.apache.commons.collections4.Transformer<? super T, java.lang.Boolean>) throws java.lang.NullPointerException if the transformer is null ==> [args[0]==null]
org.apache.commons.collections4.PredicateUtils.<T>nonePredicate(org.apache.commons.collections4.Predicate<? super T>...) throws java.lang.NullPointerException if any predicate in the array is null ==> [Arrays.asList(args[0]).contains(null)==true]
org.apache.commons.collections4.PredicateUtils.<T>anyPredicate(java.util.Collection<? extends org.apache.commons.collections4.Predicate<? super T>>) throws java.lang.NullPointerException if the predicates collection is null ==> [args[0]==null]
org.apache.commons.collections4.PredicateUtils.<T>nonePredicate(org.apache.commons.collections4.Predicate<? super T>...) throws java.lang.NullPointerException if the predicates array is null ==> [args[0]==null]
org.apache.commons.collections4.PredicateUtils.<T>transformedPredicate(org.apache.commons.collections4.Transformer<? super T, ? extends T>, org.apache.commons.collections4.Predicate<? super T>) throws java.lang.NullPointerException if the transformer or the predicate is null ==> [args[0]==null||args[1]==null]
org.apache.commons.collections4.PredicateUtils.<T>notPredicate(org.apache.commons.collections4.Predicate<? super T>) throws java.lang.NullPointerException if the predicate is null ==> [args[0]==null]
org.apache.commons.collections4.PredicateUtils.<T>nonePredicate(java.util.Collection<? extends org.apache.commons.collections4.Predicate<? super T>>) throws java.lang.NullPointerException if the predicates collection is null ==> [args[0]==null]
org.apache.commons.collections4.PredicateUtils.<T>onePredicate(org.apache.commons.collections4.Predicate<? super T>...) throws java.lang.NullPointerException if the predicates array is null ==> [args[0]==null]
org.apache.commons.collections4.PredicateUtils.<T>nonePredicate(java.util.Collection<? extends org.apache.commons.collections4.Predicate<? super T>>) throws java.lang.NullPointerException if any predicate in the collection is null ==> [args[0].contains(null)==true]
org.apache.commons.collections4.PredicateUtils.<T>onePredicate(java.util.Collection<? extends org.apache.commons.collections4.Predicate<? super T>>) throws java.lang.NullPointerException if the predicates collection is null ==> [args[0]==null]
org.apache.commons.collections4.PredicateUtils.<T>nullIsExceptionPredicate(org.apache.commons.collections4.Predicate<? super T>) throws java.lang.NullPointerException if the predicate is null. ==> [args[0]==null]
org.apache.commons.collections4.PredicateUtils.<T>onePredicate(org.apache.commons.collections4.Predicate<? super T>...) throws java.lang.NullPointerException if any predicate in the array is null ==> [Arrays.asList().contains(null)]
org.apache.commons.collections4.PredicateUtils.<T>anyPredicate(java.util.Collection<? extends org.apache.commons.collections4.Predicate<? super T>>) throws java.lang.NullPointerException if any predicate in the collection is null ==> [args[0].contains(null)==true]
org.apache.commons.collections4.PredicateUtils.<T>nullIsFalsePredicate(org.apache.commons.collections4.Predicate<? super T>) throws java.lang.NullPointerException if the predicate is null. ==> [args[0]==null]
org.apache.commons.collections4.PredicateUtils.<T>anyPredicate(org.apache.commons.collections4.Predicate<? super T>...) throws java.lang.NullPointerException if the predicates array is null ==> [args[0]==null]
org.apache.commons.collections4.PredicateUtils.<T>anyPredicate(org.apache.commons.collections4.Predicate<? super T>...) throws java.lang.NullPointerException if any predicate in the array is null ==> [Arrays.asList().contains(null)==true]
org.apache.commons.collections4.PredicateUtils.<T>allPredicate(org.apache.commons.collections4.Predicate<? super T>...) throws java.lang.NullPointerException if any predicate in the array is null ==> [Arrays.asList().contains(null)==true]