org.apache.commons.collections4.QueueUtils.<E>predicatedQueue(java.util.Queue<E>, org.apache.commons.collections4.Predicate<? super E>) throws java.lang.NullPointerException if the queue or predicate is null ==> [args[0]==null||args[1]==null]
org.apache.commons.collections4.QueueUtils.<E>transformingQueue(java.util.Queue<E>, org.apache.commons.collections4.Transformer<? super E, ? extends E>) throws java.lang.NullPointerException if the queue or transformer is null ==> [args[0]==null||args[1]==null]
org.apache.commons.collections4.QueueUtils.<E>unmodifiableQueue(java.util.Queue<? extends E>) throws java.lang.NullPointerException if the queue is null ==> [args[0]==null]
